This file contains any messages produced by compilers while
running configure, to aid debugging if configure makes a mistake.

It was created by FarmHash configure 1.1.0, which was
generated by GNU Autoconf 2.71.  Invocation command line was

  $ ./configure 'CXXFLAGS=-g -mavx -maes -O3'

## --------- ##
## Platform. ##
## --------- ##

hostname = HuangMei-PC
uname -m = x86_64
uname -r = 6.6.87.2-microsoft-standard-WSL2
uname -s = Linux
uname -v = #1 SMP PREEMPT_DYNAMIC Thu Jun  5 18:30:46 UTC 2025

/usr/bin/uname -p = x86_64
/bin/uname -X     = unknown

/bin/arch              = x86_64
/usr/bin/arch -k       = unknown
/usr/convex/getsysinfo = unknown
/usr/bin/hostinfo      = unknown
/bin/machine           = unknown
/usr/bin/oslevel       = unknown
/bin/universe          = unknown

PATH: /usr/local/sbin/
PATH: /usr/local/bin/
PATH: /usr/sbin/
PATH: /usr/bin/
PATH: /sbin/
PATH: /bin/
PATH: /usr/games/
PATH: /usr/local/games/
PATH: /usr/lib/wsl/lib/
PATH: /mnt/d/Application/Python/Scripts/
PATH: /mnt/d/Application/Python/
PATH: /mnt/c/Windows/System32/HWAudioDriverLibs/
PATH: /mnt/c/Windows/system32/
PATH: /mnt/c/Windows/
PATH: /mnt/c/Windows/System32/Wbem/
PATH: /mnt/c/Windows/System32/WindowsPowerShell/v1.0/
PATH: /mnt/c/Windows/System32/OpenSSH/
PATH: /mnt/c/Users/Administrator/AppData/Local/Microsoft/WindowsApps/
PATH: /mnt/c/WINDOWS/system32/
PATH: /mnt/c/WINDOWS/
PATH: /mnt/c/WINDOWS/System32/Wbem/
PATH: /mnt/c/WINDOWS/System32/WindowsPowerShell/v1.0/
PATH: /mnt/c/WINDOWS/System32/OpenSSH/
PATH: /mnt/c/Program Files/Git/cmd/
PATH: /mnt/c/Users/HuangMei/AppData/Local/Microsoft/WindowsApps/
PATH: /mnt/c/Users/HuangMei/AppData/Local/Programs/Microsoft VS Code/bin/
PATH: /snap/bin/


## ----------- ##
## Core tests. ##
## ----------- ##

configure:2794: looking for aux files: compile config.guess config.sub ltmain.sh missing install-sh
configure:2807:  trying ./
configure:2836:   ./compile found
configure:2836:   ./config.guess found
configure:2836:   ./config.sub found
configure:2836:   ./ltmain.sh found
configure:2836:   ./missing found
configure:2818:   ./install-sh found
configure:2967: checking for a BSD-compatible install
configure:3040: result: /usr/bin/install -c
configure:3051: checking whether build environment is sane
configure:3106: result: yes
configure:3265: checking for a race-free mkdir -p
configure:3309: result: /usr/bin/mkdir -p
configure:3316: checking for gawk
configure:3337: found /usr/bin/gawk
configure:3348: result: gawk
configure:3359: checking whether make sets $(MAKE)
configure:3382: result: yes
configure:3412: checking whether make supports nested variables
configure:3430: result: yes
configure:3594: checking build system type
configure:3609: result: x86_64-pc-linux-gnu
configure:3629: checking host system type
configure:3643: result: x86_64-pc-linux-gnu
configure:3684: checking how to print strings
configure:3711: result: printf
configure:3745: checking whether make supports the include directive
configure:3760: make -f confmf.GNU && cat confinc.out
this is the am__doit target
configure:3763: $? = 0
configure:3782: result: yes (GNU style)
configure:3858: checking for gcc
configure:3879: found /usr/bin/gcc
configure:3890: result: gcc
configure:4243: checking for C compiler version
configure:4252: gcc --version >&5
gcc (Ubuntu 11.4.0-1ubuntu1~22.04) 11.4.0
Copyright (C) 2021 Free Software Foundation, Inc.
This is free software; see the source for copying conditions.  There is NO
warranty; not even for MERCHANTABILITY or FITNESS FOR A PARTICULAR PURPOSE.

configure:4263: $? = 0
configure:4252: gcc -v >&5
Using built-in specs.
COLLECT_GCC=gcc
COLLECT_LTO_WRAPPER=/usr/lib/gcc/x86_64-linux-gnu/11/lto-wrapper
OFFLOAD_TARGET_NAMES=nvptx-none:amdgcn-amdhsa
OFFLOAD_TARGET_DEFAULT=1
Target: x86_64-linux-gnu
Configured with: ../src/configure -v --with-pkgversion='Ubuntu 11.4.0-1ubuntu1~22.04' --with-bugurl=file:///usr/share/doc/gcc-11/README.Bugs --enable-languages=c,ada,c++,go,brig,d,fortran,objc,obj-c++,m2 --prefix=/usr --with-gcc-major-version-only --program-suffix=-11 --program-prefix=x86_64-linux-gnu- --enable-shared --enable-linker-build-id --libexecdir=/usr/lib --without-included-gettext --enable-threads=posix --libdir=/usr/lib --enable-nls --enable-bootstrap --enable-clocale=gnu --enable-libstdcxx-debug --enable-libstdcxx-time=yes --with-default-libstdcxx-abi=new --enable-gnu-unique-object --disable-vtable-verify --enable-plugin --enable-default-pie --with-system-zlib --enable-libphobos-checking=release --with-target-system-zlib=auto --enable-objc-gc=auto --enable-multiarch --disable-werror --enable-cet --with-arch-32=i686 --with-abi=m64 --with-multilib-list=m32,m64,mx32 --enable-multilib --with-tune=generic --enable-offload-targets=nvptx-none=/build/gcc-11-XeT9lY/gcc-11-11.4.0/debian/tmp-nvptx/usr,amdgcn-amdhsa=/build/gcc-11-XeT9lY/gcc-11-11.4.0/debian/tmp-gcn/usr --without-cuda-driver --enable-checking=release --build=x86_64-linux-gnu --host=x86_64-linux-gnu --target=x86_64-linux-gnu --with-build-config=bootstrap-lto-lean --enable-link-serialization=2
Thread model: posix
Supported LTO compression algorithms: zlib zstd
gcc version 11.4.0 (Ubuntu 11.4.0-1ubuntu1~22.04) 
... rest of stderr output deleted ...
configure:4263: $? = 0
configure:4252: gcc -V >&5
gcc: error: unrecognized command-line option '-V'
gcc: fatal error: no input files
compilation terminated.
configure:4263: $? = 1
configure:4252: gcc -qversion >&5
gcc: error: unrecognized command-line option '-qversion'; did you mean '--version'?
gcc: fatal error: no input files
compilation terminated.
configure:4263: $? = 1
configure:4252: gcc -version >&5
gcc: error: unrecognized command-line option '-version'
gcc: fatal error: no input files
compilation terminated.
configure:4263: $? = 1
configure:4283: checking whether the C compiler works
configure:4305: gcc    conftest.c  >&5
configure:4309: $? = 0
configure:4359: result: yes
configure:4362: checking for C compiler default output file name
configure:4364: result: a.out
configure:4370: checking for suffix of executables
configure:4377: gcc -o conftest    conftest.c  >&5
configure:4381: $? = 0
configure:4404: result: 
configure:4426: checking whether we are cross compiling
configure:4434: gcc -o conftest    conftest.c  >&5
configure:4438: $? = 0
configure:4445: ./conftest
configure:4449: $? = 0
configure:4464: result: no
configure:4469: checking for suffix of object files
configure:4492: gcc -c   conftest.c >&5
configure:4496: $? = 0
configure:4518: result: o
configure:4522: checking whether the compiler supports GNU C
configure:4542: gcc -c   conftest.c >&5
configure:4542: $? = 0
configure:4552: result: yes
configure:4563: checking whether gcc accepts -g
configure:4584: gcc -c -g  conftest.c >&5
configure:4584: $? = 0
configure:4628: result: yes
configure:4648: checking for gcc option to enable C11 features
configure:4663: gcc  -c -g -O2  conftest.c >&5
configure:4663: $? = 0
configure:4681: result: none needed
configure:4797: checking whether gcc understands -c and -o together
configure:4820: gcc -c conftest.c -o conftest2.o
configure:4823: $? = 0
configure:4820: gcc -c conftest.c -o conftest2.o
configure:4823: $? = 0
configure:4835: result: yes
configure:4854: checking dependency style of gcc
configure:4966: result: gcc3
configure:4981: checking for a sed that does not truncate output
configure:5051: result: /usr/bin/sed
configure:5069: checking for grep that handles long lines and -e
configure:5133: result: /usr/bin/grep
configure:5138: checking for egrep
configure:5206: result: /usr/bin/grep -E
configure:5211: checking for fgrep
configure:5279: result: /usr/bin/grep -F
configure:5315: checking for ld used by gcc
configure:5383: result: /usr/bin/ld
configure:5390: checking if the linker (/usr/bin/ld) is GNU ld
configure:5406: result: yes
configure:5418: checking for BSD- or MS-compatible name lister (nm)
configure:5473: result: /usr/bin/nm -B
configure:5613: checking the name lister (/usr/bin/nm -B) interface
configure:5621: gcc -c -g -O2  conftest.c >&5
configure:5624: /usr/bin/nm -B "conftest.o"
configure:5627: output
0000000000000000 B some_variable
configure:5634: result: BSD nm
configure:5637: checking whether ln -s works
configure:5641: result: yes
configure:5649: checking the maximum length of command line arguments
configure:5781: result: 1572864
configure:5829: checking how to convert x86_64-pc-linux-gnu file names to x86_64-pc-linux-gnu format
configure:5870: result: func_convert_file_noop
configure:5877: checking how to convert x86_64-pc-linux-gnu file names to toolchain format
configure:5898: result: func_convert_file_noop
configure:5905: checking for /usr/bin/ld option to reload object files
configure:5913: result: -r
configure:5992: checking for objdump
configure:6013: found /usr/bin/objdump
configure:6024: result: objdump
configure:6056: checking how to recognize dependent libraries
configure:6257: result: pass_all
configure:6347: checking for dlltool
configure:6382: result: no
configure:6412: checking how to associate runtime and link libraries
configure:6440: result: printf %s\n
configure:6506: checking for ar
configure:6527: found /usr/bin/ar
configure:6538: result: ar
configure:6575: checking for archiver @FILE support
configure:6593: gcc -c -g -O2  conftest.c >&5
configure:6593: $? = 0
configure:6597: ar cr libconftest.a @conftest.lst >&5
configure:6600: $? = 0
configure:6605: ar cr libconftest.a @conftest.lst >&5
ar: conftest.o: No such file or directory
configure:6608: $? = 1
configure:6620: result: @
configure:6683: checking for strip
configure:6704: found /usr/bin/strip
configure:6715: result: strip
configure:6792: checking for ranlib
configure:6813: found /usr/bin/ranlib
configure:6824: result: ranlib
configure:6926: checking command to parse /usr/bin/nm -B output from gcc object
configure:7080: gcc -c -g -O2  conftest.c >&5
configure:7083: $? = 0
configure:7087: /usr/bin/nm -B conftest.o | sed -n -e 's/^.*[	 ]\([ABCDGIRSTW][ABCDGIRSTW]*\)[	 ][	 ]*\([_A-Za-z][_A-Za-z0-9]*\)$/\1 \2 \2/p' | sed '/ __gnu_lto/d' > conftest.nm
configure:7153: gcc -o conftest -g -O2   conftest.c conftstm.o >&5
configure:7156: $? = 0
configure:7194: result: ok
configure:7241: checking for sysroot
configure:7272: result: no
configure:7279: checking for a working dd
configure:7323: result: /usr/bin/dd
configure:7327: checking how to truncate binary pipes
configure:7343: result: /usr/bin/dd bs=4096 count=1
configure:7480: gcc -c -g -O2  conftest.c >&5
configure:7483: $? = 0
configure:7680: checking for mt
configure:7701: found /usr/bin/mt
configure:7712: result: mt
configure:7735: checking if mt is a manifest tool
configure:7742: mt '-?'
configure:7750: result: no
configure:8480: checking for stdio.h
configure:8480: gcc -c -g -O2  conftest.c >&5
configure:8480: $? = 0
configure:8480: result: yes
configure:8480: checking for stdlib.h
configure:8480: gcc -c -g -O2  conftest.c >&5
configure:8480: $? = 0
configure:8480: result: yes
configure:8480: checking for string.h
configure:8480: gcc -c -g -O2  conftest.c >&5
configure:8480: $? = 0
configure:8480: result: yes
configure:8480: checking for inttypes.h
configure:8480: gcc -c -g -O2  conftest.c >&5
configure:8480: $? = 0
configure:8480: result: yes
configure:8480: checking for stdint.h
configure:8480: gcc -c -g -O2  conftest.c >&5
configure:8480: $? = 0
configure:8480: result: yes
configure:8480: checking for strings.h
configure:8480: gcc -c -g -O2  conftest.c >&5
configure:8480: $? = 0
configure:8480: result: yes
configure:8480: checking for sys/stat.h
configure:8480: gcc -c -g -O2  conftest.c >&5
configure:8480: $? = 0
configure:8480: result: yes
configure:8480: checking for sys/types.h
configure:8480: gcc -c -g -O2  conftest.c >&5
configure:8480: $? = 0
configure:8480: result: yes
configure:8480: checking for unistd.h
configure:8480: gcc -c -g -O2  conftest.c >&5
configure:8480: $? = 0
configure:8480: result: yes
configure:8505: checking for dlfcn.h
configure:8505: gcc -c -g -O2  conftest.c >&5
configure:8505: $? = 0
configure:8505: result: yes
configure:8764: checking for objdir
configure:8780: result: .libs
configure:9044: checking if gcc supports -fno-rtti -fno-exceptions
configure:9063: gcc -c -g -O2  -fno-rtti -fno-exceptions conftest.c >&5
cc1: warning: command-line option '-fno-rtti' is valid for C++/D/ObjC++ but not for C
configure:9067: $? = 0
configure:9080: result: no
configure:9444: checking for gcc option to produce PIC
configure:9452: result: -fPIC -DPIC
configure:9460: checking if gcc PIC flag -fPIC -DPIC works
configure:9479: gcc -c -g -O2  -fPIC -DPIC -DPIC conftest.c >&5
configure:9483: $? = 0
configure:9496: result: yes
configure:9525: checking if gcc static flag -static works
configure:9554: result: yes
configure:9569: checking if gcc supports -c -o file.o
configure:9591: gcc -c -g -O2  -o out/conftest2.o conftest.c >&5
configure:9595: $? = 0
configure:9617: result: yes
configure:9625: checking if gcc supports -c -o file.o
configure:9673: result: yes
configure:9706: checking whether the gcc linker (/usr/bin/ld -m elf_x86_64) supports shared libraries
configure:10976: result: yes
configure:11013: checking whether -lc should be explicitly linked in
configure:11022: gcc -c -g -O2  conftest.c >&5
configure:11025: $? = 0
configure:11040: gcc -shared  -fPIC -DPIC conftest.o  -v -Wl,-soname -Wl,conftest -o conftest 2\>\&1 \| /usr/bin/grep  -lc  \>/dev/null 2\>\&1
configure:11043: $? = 0
configure:11057: result: no
configure:11217: checking dynamic linker characteristics
configure:11799: gcc -o conftest -g -O2   -Wl,-rpath -Wl,/foo conftest.c  >&5
configure:11799: $? = 0
configure:12050: result: GNU/Linux ld.so
configure:12172: checking how to hardcode library paths into programs
configure:12197: result: immediate
configure:12749: checking whether stripping libraries is possible
configure:12754: result: yes
configure:12789: checking if libtool supports shared libraries
configure:12791: result: yes
configure:12794: checking whether to build shared libraries
configure:12819: result: yes
configure:12822: checking whether to build static libraries
configure:12826: result: yes
configure:12969: checking for g++
configure:12990: found /usr/bin/g++
configure:13001: result: g++
configure:13028: checking for C++ compiler version
configure:13037: g++ --version >&5
g++ (Ubuntu 11.4.0-1ubuntu1~22.04) 11.4.0
Copyright (C) 2021 Free Software Foundation, Inc.
This is free software; see the source for copying conditions.  There is NO
warranty; not even for MERCHANTABILITY or FITNESS FOR A PARTICULAR PURPOSE.

configure:13048: $? = 0
configure:13037: g++ -v >&5
Using built-in specs.
COLLECT_GCC=g++
COLLECT_LTO_WRAPPER=/usr/lib/gcc/x86_64-linux-gnu/11/lto-wrapper
OFFLOAD_TARGET_NAMES=nvptx-none:amdgcn-amdhsa
OFFLOAD_TARGET_DEFAULT=1
Target: x86_64-linux-gnu
Configured with: ../src/configure -v --with-pkgversion='Ubuntu 11.4.0-1ubuntu1~22.04' --with-bugurl=file:///usr/share/doc/gcc-11/README.Bugs --enable-languages=c,ada,c++,go,brig,d,fortran,objc,obj-c++,m2 --prefix=/usr --with-gcc-major-version-only --program-suffix=-11 --program-prefix=x86_64-linux-gnu- --enable-shared --enable-linker-build-id --libexecdir=/usr/lib --without-included-gettext --enable-threads=posix --libdir=/usr/lib --enable-nls --enable-bootstrap --enable-clocale=gnu --enable-libstdcxx-debug --enable-libstdcxx-time=yes --with-default-libstdcxx-abi=new --enable-gnu-unique-object --disable-vtable-verify --enable-plugin --enable-default-pie --with-system-zlib --enable-libphobos-checking=release --with-target-system-zlib=auto --enable-objc-gc=auto --enable-multiarch --disable-werror --enable-cet --with-arch-32=i686 --with-abi=m64 --with-multilib-list=m32,m64,mx32 --enable-multilib --with-tune=generic --enable-offload-targets=nvptx-none=/build/gcc-11-XeT9lY/gcc-11-11.4.0/debian/tmp-nvptx/usr,amdgcn-amdhsa=/build/gcc-11-XeT9lY/gcc-11-11.4.0/debian/tmp-gcn/usr --without-cuda-driver --enable-checking=release --build=x86_64-linux-gnu --host=x86_64-linux-gnu --target=x86_64-linux-gnu --with-build-config=bootstrap-lto-lean --enable-link-serialization=2
Thread model: posix
Supported LTO compression algorithms: zlib zstd
gcc version 11.4.0 (Ubuntu 11.4.0-1ubuntu1~22.04) 
... rest of stderr output deleted ...
configure:13048: $? = 0
configure:13037: g++ -V >&5
g++: error: unrecognized command-line option '-V'
g++: fatal error: no input files
compilation terminated.
configure:13048: $? = 1
configure:13037: g++ -qversion >&5
g++: error: unrecognized command-line option '-qversion'; did you mean '--version'?
g++: fatal error: no input files
compilation terminated.
configure:13048: $? = 1
configure:13052: checking whether the compiler supports GNU C++
configure:13072: g++ -c -g -mavx -maes -O3  conftest.cpp >&5
configure:13072: $? = 0
configure:13082: result: yes
configure:13093: checking whether g++ accepts -g
configure:13114: g++ -c -g  conftest.cpp >&5
configure:13114: $? = 0
configure:13158: result: yes
configure:13178: checking for g++ option to enable C++11 features
configure:13193: g++  -c -g -mavx -maes -O3  conftest.cpp >&5
conftest.cpp: In function 'int main(int, char**)':
conftest.cpp:187:25: warning: empty parentheses were disambiguated as a function declaration [-Wvexing-parse]
  187 |   cxx11test::delegate d2();
      |                         ^~
conftest.cpp:187:25: note: remove parentheses to default-initialize a variable
  187 |   cxx11test::delegate d2();
      |                         ^~
      |                         --
conftest.cpp:187:25: note: or replace parentheses with braces to value-initialize a variable
configure:13193: $? = 0
configure:13211: result: none needed
configure:13277: checking dependency style of g++
configure:13389: result: gcc3
configure:13422: checking how to run the C++ preprocessor
configure:13444: g++ -E  conftest.cpp
configure:13444: $? = 0
configure:13459: g++ -E  conftest.cpp
conftest.cpp:21:10: fatal error: ac_nonexistent.h: No such file or directory
   21 | #include <ac_nonexistent.h>
      |          ^~~~~~~~~~~~~~~~~~
compilation terminated.
configure:13459: $? = 1
configure: failed program was:
| /* confdefs.h */
| #define PACKAGE_NAME "FarmHash"
| #define PACKAGE_TARNAME "farmhash"
| #define PACKAGE_VERSION "1.1.0"
| #define PACKAGE_STRING "FarmHash 1.1.0"
| #define PACKAGE_BUGREPORT "farmhash-discuss@googlegroups.com"
| #define PACKAGE_URL ""
| #define HAVE_STDIO_H 1
| #define HAVE_STDLIB_H 1
| #define HAVE_STRING_H 1
| #define HAVE_INTTYPES_H 1
| #define HAVE_STDINT_H 1
| #define HAVE_STRINGS_H 1
| #define HAVE_SYS_STAT_H 1
| #define HAVE_SYS_TYPES_H 1
| #define HAVE_UNISTD_H 1
| #define STDC_HEADERS 1
| #define HAVE_DLFCN_H 1
| #define LT_OBJDIR ".libs/"
| /* end confdefs.h.  */
| #include <ac_nonexistent.h>
configure:13486: result: g++ -E
configure:13500: g++ -E  conftest.cpp
configure:13500: $? = 0
configure:13515: g++ -E  conftest.cpp
conftest.cpp:21:10: fatal error: ac_nonexistent.h: No such file or directory
   21 | #include <ac_nonexistent.h>
      |          ^~~~~~~~~~~~~~~~~~
compilation terminated.
configure:13515: $? = 1
configure: failed program was:
| /* confdefs.h */
| #define PACKAGE_NAME "FarmHash"
| #define PACKAGE_TARNAME "farmhash"
| #define PACKAGE_VERSION "1.1.0"
| #define PACKAGE_STRING "FarmHash 1.1.0"
| #define PACKAGE_BUGREPORT "farmhash-discuss@googlegroups.com"
| #define PACKAGE_URL ""
| #define HAVE_STDIO_H 1
| #define HAVE_STDLIB_H 1
| #define HAVE_STRING_H 1
| #define HAVE_INTTYPES_H 1
| #define HAVE_STDINT_H 1
| #define HAVE_STRINGS_H 1
| #define HAVE_SYS_STAT_H 1
| #define HAVE_SYS_TYPES_H 1
| #define HAVE_UNISTD_H 1
| #define STDC_HEADERS 1
| #define HAVE_DLFCN_H 1
| #define LT_OBJDIR ".libs/"
| /* end confdefs.h.  */
| #include <ac_nonexistent.h>
configure:13680: checking for ld used by g++
configure:13748: result: /usr/bin/ld -m elf_x86_64
configure:13755: checking if the linker (/usr/bin/ld -m elf_x86_64) is GNU ld
configure:13771: result: yes
configure:13826: checking whether the g++ linker (/usr/bin/ld -m elf_x86_64) supports shared libraries
configure:14903: result: yes
configure:14939: g++ -c -g -mavx -maes -O3  conftest.cpp >&5
configure:14942: $? = 0
configure:15423: checking for g++ option to produce PIC
configure:15431: result: -fPIC -DPIC
configure:15439: checking if g++ PIC flag -fPIC -DPIC works
configure:15458: g++ -c -g -mavx -maes -O3  -fPIC -DPIC -DPIC conftest.cpp >&5
configure:15462: $? = 0
configure:15475: result: yes
configure:15498: checking if g++ static flag -static works
configure:15527: result: yes
configure:15539: checking if g++ supports -c -o file.o
configure:15561: g++ -c -g -mavx -maes -O3  -o out/conftest2.o conftest.cpp >&5
configure:15565: $? = 0
configure:15587: result: yes
configure:15592: checking if g++ supports -c -o file.o
configure:15640: result: yes
configure:15670: checking whether the g++ linker (/usr/bin/ld -m elf_x86_64) supports shared libraries
configure:15713: result: yes
configure:15855: checking dynamic linker characteristics
configure:16615: result: GNU/Linux ld.so
configure:16680: checking how to hardcode library paths into programs
configure:16705: result: immediate
configure:16751: checking whether byte ordering is bigendian
configure:16767: g++ -c -g -mavx -maes -O3  conftest.cpp >&5
conftest.cpp:22:16: error: expected unqualified-id before 'not' token
   22 |                not a universal capable compiler
      |                ^~~
configure:16767: $? = 1
configure: failed program was:
| /* confdefs.h */
| #define PACKAGE_NAME "FarmHash"
| #define PACKAGE_TARNAME "farmhash"
| #define PACKAGE_VERSION "1.1.0"
| #define PACKAGE_STRING "FarmHash 1.1.0"
| #define PACKAGE_BUGREPORT "farmhash-discuss@googlegroups.com"
| #define PACKAGE_URL ""
| #define HAVE_STDIO_H 1
| #define HAVE_STDLIB_H 1
| #define HAVE_STRING_H 1
| #define HAVE_INTTYPES_H 1
| #define HAVE_STDINT_H 1
| #define HAVE_STRINGS_H 1
| #define HAVE_SYS_STAT_H 1
| #define HAVE_SYS_TYPES_H 1
| #define HAVE_UNISTD_H 1
| #define STDC_HEADERS 1
| #define HAVE_DLFCN_H 1
| #define LT_OBJDIR ".libs/"
| /* end confdefs.h.  */
| #ifndef __APPLE_CC__
| 	       not a universal capable compiler
| 	     #endif
| 	     typedef int dummy;
| 
configure:16813: g++ -c -g -mavx -maes -O3  conftest.cpp >&5
configure:16813: $? = 0
configure:16832: g++ -c -g -mavx -maes -O3  conftest.cpp >&5
conftest.cpp: In function 'int main()':
conftest.cpp:28:22: error: 'big' was not declared in this scope
   28 |                  not big endian
      |                      ^~~
configure:16832: $? = 1
configure: failed program was:
| /* confdefs.h */
| #define PACKAGE_NAME "FarmHash"
| #define PACKAGE_TARNAME "farmhash"
| #define PACKAGE_VERSION "1.1.0"
| #define PACKAGE_STRING "FarmHash 1.1.0"
| #define PACKAGE_BUGREPORT "farmhash-discuss@googlegroups.com"
| #define PACKAGE_URL ""
| #define HAVE_STDIO_H 1
| #define HAVE_STDLIB_H 1
| #define HAVE_STRING_H 1
| #define HAVE_INTTYPES_H 1
| #define HAVE_STDINT_H 1
| #define HAVE_STRINGS_H 1
| #define HAVE_SYS_STAT_H 1
| #define HAVE_SYS_TYPES_H 1
| #define HAVE_UNISTD_H 1
| #define STDC_HEADERS 1
| #define HAVE_DLFCN_H 1
| #define LT_OBJDIR ".libs/"
| /* end confdefs.h.  */
| #include <sys/types.h>
| 		#include <sys/param.h>
| 
| int
| main (void)
| {
| #if BYTE_ORDER != BIG_ENDIAN
| 		 not big endian
| 		#endif
| 
|   ;
|   return 0;
| }
configure:16966: result: no
configure:16988: checking for stdint.h
configure:16988: result: yes
configure:16994: checking for stdlib.h
configure:16994: result: yes
configure:17011: checking if the compiler supports __builtin_expect
configure:17024: g++ -c -g -mavx -maes -O3  conftest.cpp >&5
configure:17024: $? = 0
configure:17028: result: yes
configure:17046: checking if the compiler supports __builtin_bswap32
configure:17059: g++ -c -g -mavx -maes -O3  conftest.cpp >&5
configure:17059: $? = 0
configure:17063: result: yes
configure:17181: checking that generated files are newer than configure
configure:17187: result: done
configure:17223: creating ./config.status

## ---------------------- ##
## Running config.status. ##
## ---------------------- ##

This file was extended by FarmHash config.status 1.1.0, which was
generated by GNU Autoconf 2.71.  Invocation command line was

  CONFIG_FILES    = 
  CONFIG_HEADERS  = 
  CONFIG_LINKS    = 
  CONFIG_COMMANDS = 
  $ ./config.status 

on HuangMei-PC

config.status:1149: creating Makefile
config.status:1149: creating src/Makefile
config.status:1149: creating config.h
config.status:1330: config.h is unchanged
config.status:1378: executing depfiles commands
config.status:1455: cd src       && sed -e '/# am--include-marker/d' Makefile         | make -f - am--depfiles
make: Nothing to be done for 'am--depfiles'.
config.status:1460: $? = 0
config.status:1378: executing libtool commands

## ---------------- ##
## Cache variables. ##
## ---------------- ##

ac_cv_build=x86_64-pc-linux-gnu
ac_cv_c_bigendian=no
ac_cv_c_compiler_gnu=yes
ac_cv_cxx_compiler_gnu=yes
ac_cv_env_CCC_set=
ac_cv_env_CCC_value=
ac_cv_env_CC_set=
ac_cv_env_CC_value=
ac_cv_env_CFLAGS_set=
ac_cv_env_CFLAGS_value=
ac_cv_env_CPPFLAGS_set=
ac_cv_env_CPPFLAGS_value=
ac_cv_env_CXXCPP_set=
ac_cv_env_CXXCPP_value=
ac_cv_env_CXXFLAGS_set=set
ac_cv_env_CXXFLAGS_value='-g -mavx -maes -O3'
ac_cv_env_CXX_set=
ac_cv_env_CXX_value=
ac_cv_env_LDFLAGS_set=
ac_cv_env_LDFLAGS_value=
ac_cv_env_LIBS_set=
ac_cv_env_LIBS_value=
ac_cv_env_LT_SYS_LIBRARY_PATH_set=
ac_cv_env_LT_SYS_LIBRARY_PATH_value=
ac_cv_env_build_alias_set=
ac_cv_env_build_alias_value=
ac_cv_env_host_alias_set=
ac_cv_env_host_alias_value=
ac_cv_env_target_alias_set=
ac_cv_env_target_alias_value=
ac_cv_header_dlfcn_h=yes
ac_cv_header_inttypes_h=yes
ac_cv_header_stdint_h=yes
ac_cv_header_stdio_h=yes
ac_cv_header_stdlib_h=yes
ac_cv_header_string_h=yes
ac_cv_header_strings_h=yes
ac_cv_header_sys_stat_h=yes
ac_cv_header_sys_types_h=yes
ac_cv_header_unistd_h=yes
ac_cv_host=x86_64-pc-linux-gnu
ac_cv_objext=o
ac_cv_path_EGREP='/usr/bin/grep -E'
ac_cv_path_FGREP='/usr/bin/grep -F'
ac_cv_path_GREP=/usr/bin/grep
ac_cv_path_SED=/usr/bin/sed
ac_cv_path_install='/usr/bin/install -c'
ac_cv_path_lt_DD=/usr/bin/dd
ac_cv_path_mkdir=/usr/bin/mkdir
ac_cv_prog_AWK=gawk
ac_cv_prog_CXXCPP='g++ -E'
ac_cv_prog_ac_ct_AR=ar
ac_cv_prog_ac_ct_CC=gcc
ac_cv_prog_ac_ct_CXX=g++
ac_cv_prog_ac_ct_MANIFEST_TOOL=mt
ac_cv_prog_ac_ct_OBJDUMP=objdump
ac_cv_prog_ac_ct_RANLIB=ranlib
ac_cv_prog_ac_ct_STRIP=strip
ac_cv_prog_cc_c11=
ac_cv_prog_cc_g=yes
ac_cv_prog_cc_stdc=
ac_cv_prog_cxx_11=no
ac_cv_prog_cxx_cxx11=
ac_cv_prog_cxx_g=yes
ac_cv_prog_cxx_stdcxx=
ac_cv_prog_make_make_set=yes
am_cv_CC_dependencies_compiler_type=gcc3
am_cv_CXX_dependencies_compiler_type=gcc3
am_cv_make_support_nested_variables=yes
am_cv_prog_cc_c_o=yes
lt_cv_ar_at_file=@
lt_cv_archive_cmds_need_lc=no
lt_cv_deplibs_check_method=pass_all
lt_cv_file_magic_cmd='$MAGIC_CMD'
lt_cv_file_magic_test_file=
lt_cv_ld_reload_flag=-r
lt_cv_nm_interface='BSD nm'
lt_cv_objdir=.libs
lt_cv_path_LD=/usr/bin/ld
lt_cv_path_LDCXX='/usr/bin/ld -m elf_x86_64'
lt_cv_path_NM='/usr/bin/nm -B'
lt_cv_path_mainfest_tool=no
lt_cv_prog_compiler_c_o=yes
lt_cv_prog_compiler_c_o_CXX=yes
lt_cv_prog_compiler_pic='-fPIC -DPIC'
lt_cv_prog_compiler_pic_CXX='-fPIC -DPIC'
lt_cv_prog_compiler_pic_works=yes
lt_cv_prog_compiler_pic_works_CXX=yes
lt_cv_prog_compiler_rtti_exceptions=no
lt_cv_prog_compiler_static_works=yes
lt_cv_prog_compiler_static_works_CXX=yes
lt_cv_prog_gnu_ld=yes
lt_cv_prog_gnu_ldcxx=yes
lt_cv_sharedlib_from_linklib_cmd='printf %s\n'
lt_cv_shlibpath_overrides_runpath=yes
lt_cv_sys_global_symbol_pipe='sed -n -e '\''s/^.*[	 ]\([ABCDGIRSTW][ABCDGIRSTW]*\)[	 ][	 ]*\([_A-Za-z][_A-Za-z0-9]*\)$/\1 \2 \2/p'\'' | sed '\''/ __gnu_lto/d'\'''
lt_cv_sys_global_symbol_to_c_name_address='sed -n -e '\''s/^: \(.*\) .*$/  {"\1", (void *) 0},/p'\'' -e '\''s/^[ABCDGIRSTW][ABCDGIRSTW]* .* \(.*\)$/  {"\1", (void *) \&\1},/p'\'''
lt_cv_sys_global_symbol_to_c_name_address_lib_prefix='sed -n -e '\''s/^: \(.*\) .*$/  {"\1", (void *) 0},/p'\'' -e '\''s/^[ABCDGIRSTW][ABCDGIRSTW]* .* \(lib.*\)$/  {"\1", (void *) \&\1},/p'\'' -e '\''s/^[ABCDGIRSTW][ABCDGIRSTW]* .* \(.*\)$/  {"lib\1", (void *) \&\1},/p'\'''
lt_cv_sys_global_symbol_to_cdecl='sed -n -e '\''s/^T .* \(.*\)$/extern int \1();/p'\'' -e '\''s/^[ABCDGIRSTW][ABCDGIRSTW]* .* \(.*\)$/extern char \1;/p'\'''
lt_cv_sys_global_symbol_to_import=
lt_cv_sys_max_cmd_len=1572864
lt_cv_to_host_file_cmd=func_convert_file_noop
lt_cv_to_tool_file_cmd=func_convert_file_noop
lt_cv_truncate_bin='/usr/bin/dd bs=4096 count=1'

## ----------------- ##
## Output variables. ##
## ----------------- ##

ACLOCAL='${SHELL} '\''/home/huangmei/workspace/github/farmhash/missing'\'' aclocal-1.16'
AMDEPBACKSLASH='\'
AMDEP_FALSE='#'
AMDEP_TRUE=''
AMTAR='$${TAR-tar}'
AM_BACKSLASH='\'
AM_DEFAULT_V='$(AM_DEFAULT_VERBOSITY)'
AM_DEFAULT_VERBOSITY='1'
AM_V='$(V)'
AR='ar'
AUTOCONF='${SHELL} '\''/home/huangmei/workspace/github/farmhash/missing'\'' autoconf'
AUTOHEADER='${SHELL} '\''/home/huangmei/workspace/github/farmhash/missing'\'' autoheader'
AUTOMAKE='${SHELL} '\''/home/huangmei/workspace/github/farmhash/missing'\'' automake-1.16'
AWK='gawk'
CC='gcc'
CCDEPMODE='depmode=gcc3'
CFLAGS='-g -O2'
CPPFLAGS=''
CSCOPE='cscope'
CTAGS='ctags'
CXX='g++'
CXXCPP='g++ -E'
CXXDEPMODE='depmode=gcc3'
CXXFLAGS='-g -mavx -maes -O3'
CYGPATH_W='echo'
DEFS='-DHAVE_CONFIG_H'
DEPDIR='.deps'
DLLTOOL='false'
DSYMUTIL=''
DUMPBIN=''
ECHO_C=''
ECHO_N='-n'
ECHO_T=''
EGREP='/usr/bin/grep -E'
ETAGS='etags'
EXEEXT=''
FGREP='/usr/bin/grep -F'
GREP='/usr/bin/grep'
INSTALL_DATA='${INSTALL} -m 644'
INSTALL_PROGRAM='${INSTALL}'
INSTALL_SCRIPT='${INSTALL}'
INSTALL_STRIP_PROGRAM='$(install_sh) -c -s'
LD='/usr/bin/ld -m elf_x86_64'
LDFLAGS=''
LIBOBJS=''
LIBS=''
LIBTOOL='$(SHELL) $(top_builddir)/libtool'
LIPO=''
LN_S='ln -s'
LTLIBOBJS=''
LT_SYS_LIBRARY_PATH=''
MAKEINFO='${SHELL} '\''/home/huangmei/workspace/github/farmhash/missing'\'' makeinfo'
MANIFEST_TOOL=':'
MKDIR_P='/usr/bin/mkdir -p'
NM='/usr/bin/nm -B'
NMEDIT=''
OBJDUMP='objdump'
OBJEXT='o'
OPTIONAL_BUILTIN_BSWAP_FALSE=''
OPTIONAL_BUILTIN_BSWAP_TRUE='#'
OPTIONAL_BUILTIN_EXPECT_FALSE=''
OPTIONAL_BUILTIN_EXPECT_TRUE='#'
OTOOL64=''
OTOOL=''
PACKAGE='farmhash'
PACKAGE_BUGREPORT='farmhash-discuss@googlegroups.com'
PACKAGE_NAME='FarmHash'
PACKAGE_STRING='FarmHash 1.1.0'
PACKAGE_TARNAME='farmhash'
PACKAGE_URL=''
PACKAGE_VERSION='1.1.0'
PATH_SEPARATOR=':'
RANLIB='ranlib'
SED='/usr/bin/sed'
SET_MAKE=''
SHELL='/bin/bash'
STRIP='strip'
VERSION='1.1.0'
ac_ct_AR='ar'
ac_ct_CC='gcc'
ac_ct_CXX='g++'
ac_ct_DUMPBIN=''
am__EXEEXT_FALSE=''
am__EXEEXT_TRUE='#'
am__fastdepCC_FALSE='#'
am__fastdepCC_TRUE=''
am__fastdepCXX_FALSE='#'
am__fastdepCXX_TRUE=''
am__include='include'
am__isrc=''
am__leading_dot='.'
am__nodep='_no'
am__quote=''
am__tar='$${TAR-tar} chof - "$$tardir"'
am__untar='$${TAR-tar} xf -'
bindir='${exec_prefix}/bin'
build='x86_64-pc-linux-gnu'
build_alias=''
build_cpu='x86_64'
build_os='linux-gnu'
build_vendor='pc'
datadir='${datarootdir}'
datarootdir='${prefix}/share'
docdir='${datarootdir}/doc/${PACKAGE_TARNAME}'
dvidir='${docdir}'
exec_prefix='${prefix}'
host='x86_64-pc-linux-gnu'
host_alias=''
host_cpu='x86_64'
host_os='linux-gnu'
host_vendor='pc'
htmldir='${docdir}'
includedir='${prefix}/include'
infodir='${datarootdir}/info'
install_sh='${SHELL} /home/huangmei/workspace/github/farmhash/install-sh'
libdir='${exec_prefix}/lib'
libexecdir='${exec_prefix}/libexec'
localedir='${datarootdir}/locale'
localstatedir='${prefix}/var'
mandir='${datarootdir}/man'
mkdir_p='$(MKDIR_P)'
oldincludedir='/usr/include'
pdfdir='${docdir}'
prefix='/usr/local'
program_transform_name='s,x,x,'
psdir='${docdir}'
runstatedir='${localstatedir}/run'
sbindir='${exec_prefix}/sbin'
sharedstatedir='${prefix}/com'
sysconfdir='${prefix}/etc'
target_alias=''

## ----------- ##
## confdefs.h. ##
## ----------- ##

/* confdefs.h */
#define PACKAGE_NAME "FarmHash"
#define PACKAGE_TARNAME "farmhash"
#define PACKAGE_VERSION "1.1.0"
#define PACKAGE_STRING "FarmHash 1.1.0"
#define PACKAGE_BUGREPORT "farmhash-discuss@googlegroups.com"
#define PACKAGE_URL ""
#define HAVE_STDIO_H 1
#define HAVE_STDLIB_H 1
#define HAVE_STRING_H 1
#define HAVE_INTTYPES_H 1
#define HAVE_STDINT_H 1
#define HAVE_STRINGS_H 1
#define HAVE_SYS_STAT_H 1
#define HAVE_SYS_TYPES_H 1
#define HAVE_UNISTD_H 1
#define STDC_HEADERS 1
#define HAVE_DLFCN_H 1
#define LT_OBJDIR ".libs/"
#define HAVE_STDINT_H 1
#define HAVE_STDLIB_H 1
#define HAVE_BUILTIN_EXPECT 1
#define HAVE_BUILTIN_BSWAP 1

configure: exit 0
